// Jest Snapshot v1, https://goo.gl/fbAQLP

exports[`renders correctly 1`] = `
<View
  accessible={true}
  collapsable={false}
  focusable={true}
  onClick={[Function]}
  onResponderGrant={[Function]}
  onResponderMove={[Function]}
  onResponderRelease={[Function]}
  onResponderTerminate={[Function]}
  onResponderTerminationRequest={[Function]}
  onStartShouldSetResponder={[Function]}
  style={
    Object {
      "alignItems": "center",
      "borderRadius": 4,
      "height": 48,
      "justifyContent": "center",
      "marginVertical": 10,
      "opacity": 1,
      "paddingHorizontal": 16,
    }
  }
  testID="undefinedbutton"
>
  <Text
    collapsable={false}
    style={
      Object {
        "color": "#FFFFFF",
        "fontSize": 13,
        "fontWeight": "500",
        "textAlign": "center",
        "textTransform": "uppercase",
      }
    }
  />
</View>
`;
