// Jest Snapshot v1, https://goo.gl/fbAQLP

exports[`renders correctly 1`] = `
<View
  accessible={true}
  collapsable={false}
  focusable={false}
  onClick={[Function]}
  onResponderGrant={[Function]}
  onResponderMove={[Function]}
  onResponderRelease={[Function]}
  onResponderTerminate={[Function]}
  onResponderTerminationRequest={[Function]}
  onStartShouldSetResponder={[Function]}
  style={
    Object {
      "alignItems": "center",
      "backgroundColor": "transparent",
      "borderRadius": 4,
      "borderWidth": 1,
      "height": 48,
      "justifyContent": "center",
      "marginVertical": 10,
      "opacity": 1,
      "paddingHorizontal": 16,
    }
  }
  testID="undefinedbtn"
>
  <Text
    style={
      Array [
        Object {
          "fontSize": 13,
          "fontWeight": "500",
          "textAlign": "center",
          "textTransform": "uppercase",
        },
        Object {
          "color": "#000000",
        },
      ]
    }
  />
</View>
`;
