// Jest Snapshot v1, https://goo.gl/fbAQLP

exports[`renders correctly 1`] = `
<View
  style={
    Object {
      "marginVertical": 20,
    }
  }
>
  <Text
    style={
      Array [
        Object {
          "fontSize": 16,
        },
        Object {
          "color": "#000000",
        },
      ]
    }
  />
  <RCTScrollView
    ListFooterComponent={[Function]}
    getItem={[Function]}
    getItemCount={[Function]}
    keyExtractor={[Function]}
    onContentSizeChange={[Function]}
    onLayout={[Function]}
    onMomentumScrollBegin={[Function]}
    onMomentumScrollEnd={[Function]}
    onScroll={[Function]}
    onScrollBeginDrag={[Function]}
    onScrollEndDrag={[Function]}
    removeClippedSubviews={false}
    renderItem={[Function]}
    scrollEventThrottle={50}
    stickyHeaderIndices={Array []}
    style={
      Object {
        "marginTop": 20,
      }
    }
    viewabilityConfigCallbackPairs={Array []}
  >
    <View>
      <View
        onLayout={[Function]}
      >
        <View
          accessible={true}
          collapsable={false}
          focusable={true}
          onBlur={[Function]}
          onClick={[Function]}
          onFocus={[Function]}
          onResponderGrant={[Function]}
          onResponderMove={[Function]}
          onResponderRelease={[Function]}
          onResponderTerminate={[Function]}
          onResponderTerminationRequest={[Function]}
          onStartShouldSetResponder={[Function]}
          style={
            Array [
              Object {
                "alignItems": "center",
                "borderRadius": 4,
                "flexDirection": "row",
                "height": 48,
                "marginTop": 8,
                "paddingLeft": 16,
              },
              Object {
                "backgroundColor": "#F8F8FA",
              },
            ]
          }
        >
          <View
            style={
              Array [
                Object {
                  "borderColor": "green",
                  "borderWidth": 1,
                  "height": 18,
                  "marginRight": 8,
                  "width": 18,
                },
                Object {
                  "borderRadius": 9,
                },
              ]
            }
          />
          <Text
            style={
              Object {
                "color": "#000000",
              }
            }
          >
            No, I donâ€™t have any of these.
          </Text>
        </View>
      </View>
    </View>
  </RCTScrollView>
</View>
`;
