// Jest Snapshot v1, https://goo.gl/fbAQLP

exports[`renders correctly 1`] = `
<View
  style={
    Array [
      Object {
        "borderRadius": 4,
        "marginVertical": 20,
        "paddingHorizontal": 16,
        "paddingVertical": 24,
      },
      false,
      false,
      false,
    ]
  }
>
  <Text
    style={
      Array [
        Object {
          "fontSize": 16,
          "fontWeight": "700",
          "textAlign": "center",
        },
        false,
        false,
        false,
      ]
    }
  />
  <Text
    style={
      Array [
        Object {
          "fontSize": 16,
          "fontWeight": "400",
          "lineHeight": 24,
          "textAlign": "center",
        },
        false,
        false,
        false,
      ]
    }
  />
</View>
`;
